2026-08-25 06:42:50.341: [INFO] CurrentProfilePath: D:\Wexa Ai Project\.metadata\.plugins\org.eclipse.swt\EBWebView\Default
2026-08-25 06:42:50.341: [INFO] Profiles total count: 1
2026-08-25 06:42:50.341: [INFO] Profile: name=Profile 1 path=D:\Wexa Ai Project\.metadata\.plugins\org.eclipse.swt\EBWebView\Default lastActive=null
2026-08-25 06:42:50.341: [INFO] LastUsedProfileDir: D:\Wexa Ai Project\.metadata\.plugins\org.eclipse.swt\EBWebView\Default
2026-08-25 06:42:50.341: [INFO] OnDoneLoading sync enabled: 0
2026-08-25 06:42:50.341: [INFO] BookmarkModelLoaded, ids_reassigned: 0
2026-08-25 06:42:50.341: [INFO] BookmarksLoadDropped droppedNodes=0
2026-08-25 06:42:50.341: [INFO] BookmarksSnapshot Startup total=0 bar=0 other=0 mobile=0 showBar=0 showBarNTP=1
2026-08-25 07:27:49.092: [INFO] BookmarksSnapshot Shutdown total=0 bar=0 other=0 mobile=0 showBar=0 showBarNTP=1
2026-08-25 07:32:04.486: [INFO] CurrentProfilePath: D:\Wexa Ai Project\.metadata\.plugins\org.eclipse.swt\EBWebView\Default
2026-08-25 07:32:04.486: [INFO] Profiles total count: 1
2026-08-25 07:32:04.486: [INFO] Profile: name=Profile 1 path=D:\Wexa Ai Project\.metadata\.plugins\org.eclipse.swt\EBWebView\Default lastActive=null
2026-08-25 07:32:04.486: [INFO] LastUsedProfileDir: D:\Wexa Ai Project\.metadata\.plugins\org.eclipse.swt\EBWebView\Default
2026-08-25 07:32:04.486: [INFO] OnDoneLoading sync enabled: 0
2026-08-25 07:32:04.486: [INFO] BookmarkModelLoaded, ids_reassigned: 0
2026-08-25 07:32:04.486: [INFO] BookmarksLoadDropped droppedNodes=0
2026-08-25 07:32:04.486: [INFO] BookmarksSnapshot Startup total=0 bar=0 other=0 mobile=0 showBar=0 showBarNTP=1
2026-08-25 07:32:10.371: [INFO] BookmarksSnapshot Shutdown total=0 bar=0 other=0 mobile=0 showBar=0 showBarNTP=1
2026-08-25 07:54:58.093: [INFO] CurrentProfilePath: D:\Wexa Ai Project\.metadata\.plugins\org.eclipse.swt\EBWebView\Default
2026-08-25 07:54:58.093: [INFO] Profiles total count: 1
2026-08-25 07:54:58.094: [INFO] Profile: name=Profile 1 path=D:\Wexa Ai Project\.metadata\.plugins\org.eclipse.swt\EBWebView\Default lastActive=2026-08-25T07:32:10.143Z
2026-08-25 07:54:58.094: [INFO] LastUsedProfileDir: D:\Wexa Ai Project\.metadata\.plugins\org.eclipse.swt\EBWebView\Default
2026-08-25 07:54:58.094: [INFO] MostRecentlyActiveProfile: name=Profile 1 path=D:\Wexa Ai Project\.metadata\.plugins\org.eclipse.swt\EBWebView\Default lastActive=2026-08-25T07:32:10.143Z
2026-08-25 07:54:58.094: [INFO] OnDoneLoading sync enabled: 0
2026-08-25 07:54:58.095: [INFO] BookmarkModelLoaded, ids_reassigned: 0
2026-08-25 07:54:58.095: [INFO] BookmarksLoadDropped droppedNodes=0
2026-08-25 07:54:58.095: [INFO] BookmarksSnapshot Startup total=0 bar=0 other=0 mobile=0 showBar=0 showBarNTP=1
2026-08-25 09:06:15.476: [INFO] BookmarksSnapshot Shutdown total=0 bar=0 other=0 mobile=0 showBar=0 showBarNTP=1
2026-08-25 09:31:58.716: [INFO] CurrentProfilePath: D:\Wexa Ai Project\.metadata\.plugins\org.eclipse.swt\EBWebView\Default
2026-08-25 09:31:58.716: [INFO] Profiles total count: 1
2026-08-25 09:31:58.717: [INFO] Profile: name=Profile 1 path=D:\Wexa Ai Project\.metadata\.plugins\org.eclipse.swt\EBWebView\Default lastActive=2026-08-25T07:32:10.143Z
2026-08-25 09:31:58.717: [INFO] LastUsedProfileDir: D:\Wexa Ai Project\.metadata\.plugins\org.eclipse.swt\EBWebView\Default
2026-08-25 09:31:58.717: [INFO] MostRecentlyActiveProfile: name=Profile 1 path=D:\Wexa Ai Project\.metadata\.plugins\org.eclipse.swt\EBWebView\Default lastActive=2026-08-25T07:32:10.143Z
2026-08-25 09:31:58.717: [INFO] OnDoneLoading sync enabled: 0
2026-08-25 09:31:58.717: [INFO] BookmarkModelLoaded, ids_reassigned: 0
2026-08-25 09:31:58.717: [INFO] BookmarksLoadDropped droppedNodes=0
2026-08-25 09:31:58.717: [INFO] BookmarksSnapshot Startup total=0 bar=0 other=0 mobile=0 showBar=0 showBarNTP=1
2026-08-25 11:53:06.152: [INFO] BookmarksSnapshot Shutdown total=0 bar=0 other=0 mobile=0 showBar=0 showBarNTP=1
